---
source: cubesql/src/compile/mod.rs
expression: context.execute_query(query).await.unwrap()
---
+-------------------------+-------------------------+
| start                   | end                     |
+-------------------------+-------------------------+
| 2024-12-01T00:00:00.000 | 2024-12-31T00:00:00.000 |
+-------------------------+-------------------------+
